INFO:     Started server process [12744]
INFO:     Waiting for application startup.
INFO:     Application startup complete.
INFO:     Uvicorn running on http://127.0.0.1:5173 (Press CTRL+C to quit)
2026-09-20 15:40:18,050 [INFO] pipeline.frame_extractor: Frame extraction complete: 24 sharp frames saved, 0 blurry frames rejected.
2026-09-20 15:40:18,062 [INFO] pipeline.colmap_runner: Executing COLMAP: G:\Coding\Projects\3D_drone\tools\colmap\COLMAP.bat feature_extractor --database_path G:\Coding\Projects\3D_drone\jobs\eb7b49c4\reconstruction\database.db --image_path G:\Coding\Projects\3D_drone\jobs\eb7b49c4\frames --ImageReader.camera_model SIMPLE_RADIAL --ImageReader.single_camera 1
2026-09-20 15:40:24,341 [INFO] pipeline.colmap_runner: Executing COLMAP: G:\Coding\Projects\3D_drone\tools\colmap\COLMAP.bat sequential_matcher --database_path G:\Coding\Projects\3D_drone\jobs\eb7b49c4\reconstruction\database.db
2026-09-20 15:40:26,685 [INFO] pipeline.colmap_runner: Executing COLMAP: G:\Coding\Projects\3D_drone\tools\colmap\COLMAP.bat mapper --database_path G:\Coding\Projects\3D_drone\jobs\eb7b49c4\reconstruction\database.db --image_path G:\Coding\Projects\3D_drone\jobs\eb7b49c4\frames --output_path G:\Coding\Projects\3D_drone\jobs\eb7b49c4\reconstruction\sparse
2026-09-20 15:40:34,925 [INFO] pipeline.colmap_runner: Executing COLMAP: G:\Coding\Projects\3D_drone\tools\colmap\COLMAP.bat model_converter --input_path G:\Coding\Projects\3D_drone\jobs\eb7b49c4\reconstruction\sparse\0 --output_path G:\Coding\Projects\3D_drone\jobs\eb7b49c4\reconstruction\sparse_points.ply --output_type PLY
2026-09-20 15:40:35,136 [INFO] pipeline.colmap_runner: Executing COLMAP: G:\Coding\Projects\3D_drone\tools\colmap\COLMAP.bat image_undistorter --image_path G:\Coding\Projects\3D_drone\jobs\eb7b49c4\frames --input_path G:\Coding\Projects\3D_drone\jobs\eb7b49c4\reconstruction\sparse\0 --output_path G:\Coding\Projects\3D_drone\jobs\eb7b49c4\reconstruction\dense --output_type COLMAP
2026-09-20 15:40:36,273 [INFO] pipeline.colmap_runner: Executing COLMAP: G:\Coding\Projects\3D_drone\tools\colmap\COLMAP.bat patch_match_stereo --workspace_path G:\Coding\Projects\3D_drone\jobs\eb7b49c4\reconstruction\dense --workspace_format COLMAP --PatchMatchStereo.geom_consistency true
2026-09-20 15:40:36,563 [ERROR] pipeline.colmap_runner: COLMAP command failed with code 1:
E20260920 15:40:36.463034 19580 mvs.cc:80] Dense stereo reconstruction requires CUDA, which is not available on your system.


2026-09-20 15:40:36,564 [WARNING] pipeline.colmap_runner: COLMAP dense stereo requires CUDA, which is unavailable. Falling back to the sparse model for downstream processing.
2026-09-20 15:40:36,565 [INFO] pipeline.colmap_runner: Executing COLMAP: G:\Coding\Projects\3D_drone\tools\colmap\COLMAP.bat model_converter --input_path G:\Coding\Projects\3D_drone\jobs\eb7b49c4\reconstruction\dense\sparse --output_path G:\Coding\Projects\3D_drone\jobs\eb7b49c4\reconstruction\dense\sparse_fallback.ply --output_type PLY
2026-09-20 15:40:36,746 [INFO] pipeline.open3d_processor: Loading point cloud from: G:\Coding\Projects\3D_drone\jobs\eb7b49c4\reconstruction\dense\sparse_fallback.ply
2026-09-20 15:40:36,748 [INFO] pipeline.open3d_processor: Applying statistical outlier removal (neighbors=20, std_ratio=2.0)...
2026-09-20 15:40:36,750 [INFO] pipeline.open3d_processor: Downsampling point cloud with voxel size 0.05...
2026-09-20 15:40:36,752 [INFO] pipeline.open3d_processor: Estimating normals...
2026-09-20 15:40:36,771 [INFO] pipeline.open3d_processor: Reconstructing surface mesh using Poisson surface reconstruction...
[Open3D Error] (void __cdecl open3d::geometry::TriangleMesh::RemoveVerticesByMask(const class std::vector<bool,class std::allocator<bool> > &)) D:\a\Open3D\Open3D\cpp\open3d\geometry\TriangleMesh.cpp:1600: vertex_mask has a different size than vertices_

2026-09-20 15:40:37,170 [WARNING] pipeline.open3d_processor: Poisson mesh generation encountered an issue: [Open3D Error] (void __cdecl open3d::geometry::TriangleMesh::RemoveVerticesByMask(const class std::vector<bool,class std::allocator<bool> > &)) D:\a\Open3D\Open3D\cpp\open3d\geometry\TriangleMesh.cpp:1600: vertex_mask has a different size than vertices_

2026-09-20 15:40:37,171 [INFO] pipeline.open3d_processor: Open3D processing finished: 453 points, 0 triangles saved.
2026-09-20 15:41:52,155 [INFO] pipeline.frame_extractor: Frame extraction complete: 24 sharp frames saved, 0 blurry frames rejected.
2026-09-20 15:41:52,168 [INFO] pipeline.colmap_runner: Executing COLMAP: G:\Coding\Projects\3D_drone\tools\colmap\COLMAP.bat feature_extractor --database_path G:\Coding\Projects\3D_drone\jobs\5ae353df\reconstruction\database.db --image_path G:\Coding\Projects\3D_drone\jobs\5ae353df\frames --ImageReader.camera_model SIMPLE_RADIAL --ImageReader.single_camera 1
2026-09-20 15:41:58,354 [INFO] pipeline.colmap_runner: Executing COLMAP: G:\Coding\Projects\3D_drone\tools\colmap\COLMAP.bat sequential_matcher --database_path G:\Coding\Projects\3D_drone\jobs\5ae353df\reconstruction\database.db
2026-09-20 15:42:00,565 [INFO] pipeline.colmap_runner: Executing COLMAP: G:\Coding\Projects\3D_drone\tools\colmap\COLMAP.bat mapper --database_path G:\Coding\Projects\3D_drone\jobs\5ae353df\reconstruction\database.db --image_path G:\Coding\Projects\3D_drone\jobs\5ae353df\frames --output_path G:\Coding\Projects\3D_drone\jobs\5ae353df\reconstruction\sparse
2026-09-20 15:42:08,868 [INFO] pipeline.colmap_runner: Executing COLMAP: G:\Coding\Projects\3D_drone\tools\colmap\COLMAP.bat model_converter --input_path G:\Coding\Projects\3D_drone\jobs\5ae353df\reconstruction\sparse\0 --output_path G:\Coding\Projects\3D_drone\jobs\5ae353df\reconstruction\sparse_points.ply --output_type PLY
2026-09-20 15:42:09,048 [INFO] pipeline.colmap_runner: Executing COLMAP: G:\Coding\Projects\3D_drone\tools\colmap\COLMAP.bat image_undistorter --image_path G:\Coding\Projects\3D_drone\jobs\5ae353df\frames --input_path G:\Coding\Projects\3D_drone\jobs\5ae353df\reconstruction\sparse\0 --output_path G:\Coding\Projects\3D_drone\jobs\5ae353df\reconstruction\dense --output_type COLMAP
2026-09-20 15:42:10,084 [INFO] pipeline.colmap_runner: Executing COLMAP: G:\Coding\Projects\3D_drone\tools\colmap\COLMAP.bat patch_match_stereo --workspace_path G:\Coding\Projects\3D_drone\jobs\5ae353df\reconstruction\dense --workspace_format COLMAP --PatchMatchStereo.geom_consistency true
2026-09-20 15:42:10,281 [ERROR] pipeline.colmap_runner: COLMAP command failed with code 1:
E20260920 15:42:10.175565 12940 mvs.cc:80] Dense stereo reconstruction requires CUDA, which is not available on your system.


2026-09-20 15:42:10,282 [WARNING] pipeline.colmap_runner: COLMAP dense stereo requires CUDA, which is unavailable. Falling back to the sparse model for downstream processing.
2026-09-20 15:42:10,284 [INFO] pipeline.colmap_runner: Executing COLMAP: G:\Coding\Projects\3D_drone\tools\colmap\COLMAP.bat model_converter --input_path G:\Coding\Projects\3D_drone\jobs\5ae353df\reconstruction\dense\sparse --output_path G:\Coding\Projects\3D_drone\jobs\5ae353df\reconstruction\dense\sparse_fallback.ply --output_type PLY
2026-09-20 15:42:10,465 [INFO] pipeline.open3d_processor: Loading point cloud from: G:\Coding\Projects\3D_drone\jobs\5ae353df\reconstruction\dense\sparse_fallback.ply
2026-09-20 15:42:10,467 [INFO] pipeline.open3d_processor: Applying statistical outlier removal (neighbors=20, std_ratio=2.0)...
2026-09-20 15:42:10,469 [INFO] pipeline.open3d_processor: Downsampling point cloud with voxel size 0.05...
2026-09-20 15:42:10,470 [INFO] pipeline.open3d_processor: Estimating normals...
2026-09-20 15:42:10,489 [INFO] pipeline.open3d_processor: Reconstructing surface mesh using Poisson surface reconstruction...
[Open3D Error] (void __cdecl open3d::geometry::TriangleMesh::RemoveVerticesByMask(const class std::vector<bool,class std::allocator<bool> > &)) D:\a\Open3D\Open3D\cpp\open3d\geometry\TriangleMesh.cpp:1600: vertex_mask has a different size than vertices_

2026-09-20 15:42:10,886 [WARNING] pipeline.open3d_processor: Poisson mesh generation encountered an issue: [Open3D Error] (void __cdecl open3d::geometry::TriangleMesh::RemoveVerticesByMask(const class std::vector<bool,class std::allocator<bool> > &)) D:\a\Open3D\Open3D\cpp\open3d\geometry\TriangleMesh.cpp:1600: vertex_mask has a different size than vertices_

2026-09-20 15:42:10,887 [INFO] pipeline.open3d_processor: Open3D processing finished: 453 points, 0 triangles saved.
2026-09-20 15:45:24,547 [INFO] pipeline.frame_extractor: Frame extraction complete: 24 sharp frames saved, 0 blurry frames rejected.
2026-09-20 15:45:24,559 [INFO] pipeline.colmap_runner: Executing COLMAP: G:\Coding\Projects\3D_drone\tools\colmap\COLMAP.bat feature_extractor --database_path G:\Coding\Projects\3D_drone\jobs\ce038824\reconstruction\database.db --image_path G:\Coding\Projects\3D_drone\jobs\ce038824\frames --ImageReader.camera_model SIMPLE_RADIAL --ImageReader.single_camera 1
2026-09-20 15:45:30,634 [INFO] pipeline.colmap_runner: Executing COLMAP: G:\Coding\Projects\3D_drone\tools\colmap\COLMAP.bat sequential_matcher --database_path G:\Coding\Projects\3D_drone\jobs\ce038824\reconstruction\database.db
2026-09-20 15:45:33,144 [INFO] pipeline.colmap_runner: Executing COLMAP: G:\Coding\Projects\3D_drone\tools\colmap\COLMAP.bat mapper --database_path G:\Coding\Projects\3D_drone\jobs\ce038824\reconstruction\database.db --image_path G:\Coding\Projects\3D_drone\jobs\ce038824\frames --output_path G:\Coding\Projects\3D_drone\jobs\ce038824\reconstruction\sparse
2026-09-20 15:45:41,892 [INFO] pipeline.colmap_runner: Executing COLMAP: G:\Coding\Projects\3D_drone\tools\colmap\COLMAP.bat model_converter --input_path G:\Coding\Projects\3D_drone\jobs\ce038824\reconstruction\sparse\0 --output_path G:\Coding\Projects\3D_drone\jobs\ce038824\reconstruction\sparse_points.ply --output_type PLY
2026-09-20 15:45:42,101 [INFO] pipeline.colmap_runner: Executing COLMAP: G:\Coding\Projects\3D_drone\tools\colmap\COLMAP.bat image_undistorter --image_path G:\Coding\Projects\3D_drone\jobs\ce038824\frames --input_path G:\Coding\Projects\3D_drone\jobs\ce038824\reconstruction\sparse\0 --output_path G:\Coding\Projects\3D_drone\jobs\ce038824\reconstruction\dense --output_type COLMAP
2026-09-20 15:45:43,177 [INFO] pipeline.colmap_runner: Executing COLMAP: G:\Coding\Projects\3D_drone\tools\colmap\COLMAP.bat patch_match_stereo --workspace_path G:\Coding\Projects\3D_drone\jobs\ce038824\reconstruction\dense --workspace_format COLMAP --PatchMatchStereo.geom_consistency true
2026-09-20 15:45:43,350 [ERROR] pipeline.colmap_runner: COLMAP command failed with code 1:
E20260920 15:45:43.260637 17480 mvs.cc:80] Dense stereo reconstruction requires CUDA, which is not available on your system.


2026-09-20 15:45:43,353 [WARNING] pipeline.colmap_runner: COLMAP dense stereo requires CUDA, which is unavailable. Falling back to the sparse model for downstream processing.
2026-09-20 15:45:43,354 [INFO] pipeline.colmap_runner: Executing COLMAP: G:\Coding\Projects\3D_drone\tools\colmap\COLMAP.bat model_converter --input_path G:\Coding\Projects\3D_drone\jobs\ce038824\reconstruction\dense\sparse --output_path G:\Coding\Projects\3D_drone\jobs\ce038824\reconstruction\dense\sparse_fallback.ply --output_type PLY
2026-09-20 15:45:43,539 [INFO] pipeline.open3d_processor: Loading point cloud from: G:\Coding\Projects\3D_drone\jobs\ce038824\reconstruction\dense\sparse_fallback.ply
2026-09-20 15:45:43,541 [INFO] pipeline.open3d_processor: Applying statistical outlier removal (neighbors=20, std_ratio=2.0)...
2026-09-20 15:45:43,543 [INFO] pipeline.open3d_processor: Downsampling point cloud with voxel size 0.05...
2026-09-20 15:45:43,544 [INFO] pipeline.open3d_processor: Estimating normals...
2026-09-20 15:45:43,562 [INFO] pipeline.open3d_processor: Reconstructing surface mesh using Poisson surface reconstruction...
[Open3D Error] (void __cdecl open3d::geometry::TriangleMesh::RemoveVerticesByMask(const class std::vector<bool,class std::allocator<bool> > &)) D:\a\Open3D\Open3D\cpp\open3d\geometry\TriangleMesh.cpp:1600: vertex_mask has a different size than vertices_

2026-09-20 15:45:43,972 [WARNING] pipeline.open3d_processor: Poisson mesh generation encountered an issue: [Open3D Error] (void __cdecl open3d::geometry::TriangleMesh::RemoveVerticesByMask(const class std::vector<bool,class std::allocator<bool> > &)) D:\a\Open3D\Open3D\cpp\open3d\geometry\TriangleMesh.cpp:1600: vertex_mask has a different size than vertices_

2026-09-20 15:45:43,973 [INFO] pipeline.open3d_processor: Open3D processing finished: 453 points, 0 triangles saved.
2026-09-20 15:47:24,249 [INFO] pipeline.frame_extractor: Frame extraction complete: 48 sharp frames saved, 0 blurry frames rejected.
2026-09-20 15:47:24,262 [INFO] pipeline.colmap_runner: Executing COLMAP: G:\Coding\Projects\3D_drone\tools\colmap\COLMAP.bat feature_extractor --database_path G:\Coding\Projects\3D_drone\jobs\4f819033\reconstruction\database.db --image_path G:\Coding\Projects\3D_drone\jobs\4f819033\frames --ImageReader.camera_model SIMPLE_RADIAL --ImageReader.single_camera 1
2026-09-20 15:47:34,460 [INFO] pipeline.colmap_runner: Executing COLMAP: G:\Coding\Projects\3D_drone\tools\colmap\COLMAP.bat sequential_matcher --database_path G:\Coding\Projects\3D_drone\jobs\4f819033\reconstruction\database.db
2026-09-20 15:47:39,007 [INFO] pipeline.colmap_runner: Executing COLMAP: G:\Coding\Projects\3D_drone\tools\colmap\COLMAP.bat mapper --database_path G:\Coding\Projects\3D_drone\jobs\4f819033\reconstruction\database.db --image_path G:\Coding\Projects\3D_drone\jobs\4f819033\frames --output_path G:\Coding\Projects\3D_drone\jobs\4f819033\reconstruction\sparse
2026-09-20 15:48:10,999 [INFO] pipeline.colmap_runner: Executing COLMAP: G:\Coding\Projects\3D_drone\tools\colmap\COLMAP.bat model_converter --input_path G:\Coding\Projects\3D_drone\jobs\4f819033\reconstruction\sparse\0 --output_path G:\Coding\Projects\3D_drone\jobs\4f819033\reconstruction\sparse_points.ply --output_type PLY
2026-09-20 15:48:11,215 [INFO] pipeline.colmap_runner: Executing COLMAP: G:\Coding\Projects\3D_drone\tools\colmap\COLMAP.bat image_undistorter --image_path G:\Coding\Projects\3D_drone\jobs\4f819033\frames --input_path G:\Coding\Projects\3D_drone\jobs\4f819033\reconstruction\sparse\0 --output_path G:\Coding\Projects\3D_drone\jobs\4f819033\reconstruction\dense --output_type COLMAP
2026-09-20 15:48:13,179 [INFO] pipeline.colmap_runner: Executing COLMAP: G:\Coding\Projects\3D_drone\tools\colmap\COLMAP.bat patch_match_stereo --workspace_path G:\Coding\Projects\3D_drone\jobs\4f819033\reconstruction\dense --workspace_format COLMAP --PatchMatchStereo.geom_consistency true
2026-09-20 15:48:13,366 [ERROR] pipeline.colmap_runner: COLMAP command failed with code 1:
E20260920 15:48:13.273415  6620 mvs.cc:80] Dense stereo reconstruction requires CUDA, which is not available on your system.


2026-09-20 15:48:13,367 [WARNING] pipeline.colmap_runner: COLMAP dense stereo requires CUDA, which is unavailable. Falling back to the sparse model for downstream processing.
2026-09-20 15:48:13,371 [INFO] pipeline.colmap_runner: Executing COLMAP: G:\Coding\Projects\3D_drone\tools\colmap\COLMAP.bat model_converter --input_path G:\Coding\Projects\3D_drone\jobs\4f819033\reconstruction\dense\sparse --output_path G:\Coding\Projects\3D_drone\jobs\4f819033\reconstruction\dense\sparse_fallback.ply --output_type PLY
2026-09-20 15:48:13,559 [INFO] pipeline.open3d_processor: Loading point cloud from: G:\Coding\Projects\3D_drone\jobs\4f819033\reconstruction\dense\sparse_fallback.ply
2026-09-20 15:48:13,561 [INFO] pipeline.open3d_processor: Applying statistical outlier removal (neighbors=20, std_ratio=2.0)...
2026-09-20 15:48:13,564 [INFO] pipeline.open3d_processor: Downsampling point cloud with voxel size 0.05...
2026-09-20 15:48:13,565 [INFO] pipeline.open3d_processor: Estimating normals...
2026-09-20 15:48:13,599 [INFO] pipeline.open3d_processor: Reconstructing surface mesh using Poisson surface reconstruction...
[Open3D Error] (void __cdecl open3d::geometry::TriangleMesh::RemoveVerticesByMask(const class std::vector<bool,class std::allocator<bool> > &)) D:\a\Open3D\Open3D\cpp\open3d\geometry\TriangleMesh.cpp:1600: vertex_mask has a different size than vertices_

2026-09-20 15:48:14,047 [WARNING] pipeline.open3d_processor: Poisson mesh generation encountered an issue: [Open3D Error] (void __cdecl open3d::geometry::TriangleMesh::RemoveVerticesByMask(const class std::vector<bool,class std::allocator<bool> > &)) D:\a\Open3D\Open3D\cpp\open3d\geometry\TriangleMesh.cpp:1600: vertex_mask has a different size than vertices_

2026-09-20 15:48:14,048 [INFO] pipeline.open3d_processor: Open3D processing finished: 817 points, 0 triangles saved.
2026-09-20 15:52:49,917 [INFO] pipeline.frame_extractor: Frame extraction complete: 24 sharp frames saved, 0 blurry frames rejected.
2026-09-20 15:52:49,926 [INFO] pipeline.colmap_runner: Executing COLMAP: G:\Coding\Projects\3D_drone\tools\colmap\COLMAP.bat feature_extractor --database_path G:\Coding\Projects\3D_drone\jobs\fba70818\reconstruction\database.db --image_path G:\Coding\Projects\3D_drone\jobs\fba70818\frames --ImageReader.camera_model SIMPLE_RADIAL --ImageReader.single_camera 1
2026-09-20 15:52:55,568 [INFO] pipeline.colmap_runner: Executing COLMAP: G:\Coding\Projects\3D_drone\tools\colmap\COLMAP.bat sequential_matcher --database_path G:\Coding\Projects\3D_drone\jobs\fba70818\reconstruction\database.db
2026-09-20 15:52:57,790 [INFO] pipeline.colmap_runner: Executing COLMAP: G:\Coding\Projects\3D_drone\tools\colmap\COLMAP.bat mapper --database_path G:\Coding\Projects\3D_drone\jobs\fba70818\reconstruction\database.db --image_path G:\Coding\Projects\3D_drone\jobs\fba70818\frames --output_path G:\Coding\Projects\3D_drone\jobs\fba70818\reconstruction\sparse
2026-09-20 15:53:06,012 [INFO] pipeline.colmap_runner: Executing COLMAP: G:\Coding\Projects\3D_drone\tools\colmap\COLMAP.bat model_converter --input_path G:\Coding\Projects\3D_drone\jobs\fba70818\reconstruction\sparse\0 --output_path G:\Coding\Projects\3D_drone\jobs\fba70818\reconstruction\sparse_points.ply --output_type PLY
2026-09-20 15:53:06,211 [INFO] pipeline.colmap_runner: Executing COLMAP: G:\Coding\Projects\3D_drone\tools\colmap\COLMAP.bat image_undistorter --image_path G:\Coding\Projects\3D_drone\jobs\fba70818\frames --input_path G:\Coding\Projects\3D_drone\jobs\fba70818\reconstruction\sparse\0 --output_path G:\Coding\Projects\3D_drone\jobs\fba70818\reconstruction\dense --output_type COLMAP
2026-09-20 15:53:07,153 [INFO] pipeline.colmap_runner: Executing COLMAP: G:\Coding\Projects\3D_drone\tools\colmap\COLMAP.bat patch_match_stereo --workspace_path G:\Coding\Projects\3D_drone\jobs\fba70818\reconstruction\dense --workspace_format COLMAP --PatchMatchStereo.geom_consistency true
2026-09-20 15:53:07,346 [ERROR] pipeline.colmap_runner: COLMAP command failed with code 1:
E20260920 15:53:07.251391  4604 mvs.cc:80] Dense stereo reconstruction requires CUDA, which is not available on your system.


2026-09-20 15:53:07,346 [WARNING] pipeline.colmap_runner: COLMAP dense stereo requires CUDA, which is unavailable. Falling back to the sparse model for downstream processing.
2026-09-20 15:53:07,347 [INFO] pipeline.colmap_runner: Executing COLMAP: G:\Coding\Projects\3D_drone\tools\colmap\COLMAP.bat model_converter --input_path G:\Coding\Projects\3D_drone\jobs\fba70818\reconstruction\dense\sparse --output_path G:\Coding\Projects\3D_drone\jobs\fba70818\reconstruction\dense\sparse_fallback.ply --output_type PLY
2026-09-20 15:53:07,527 [INFO] pipeline.open3d_processor: Loading point cloud from: G:\Coding\Projects\3D_drone\jobs\fba70818\reconstruction\dense\sparse_fallback.ply
2026-09-20 15:53:07,528 [INFO] pipeline.open3d_processor: Applying statistical outlier removal (neighbors=20, std_ratio=2.0)...
2026-09-20 15:53:07,529 [INFO] pipeline.open3d_processor: Downsampling point cloud with voxel size 0.05...
2026-09-20 15:53:07,530 [INFO] pipeline.open3d_processor: Estimating normals...
2026-09-20 15:53:07,546 [INFO] pipeline.open3d_processor: Reconstructing surface mesh using Poisson surface reconstruction...
[Open3D Error] (void __cdecl open3d::geometry::TriangleMesh::RemoveVerticesByMask(const class std::vector<bool,class std::allocator<bool> > &)) D:\a\Open3D\Open3D\cpp\open3d\geometry\TriangleMesh.cpp:1600: vertex_mask has a different size than vertices_

2026-09-20 15:53:07,943 [WARNING] pipeline.open3d_processor: Poisson mesh generation encountered an issue: [Open3D Error] (void __cdecl open3d::geometry::TriangleMesh::RemoveVerticesByMask(const class std::vector<bool,class std::allocator<bool> > &)) D:\a\Open3D\Open3D\cpp\open3d\geometry\TriangleMesh.cpp:1600: vertex_mask has a different size than vertices_

2026-09-20 15:53:07,944 [INFO] pipeline.open3d_processor: Open3D processing finished: 453 points, 0 triangles saved.
2026-09-20 15:54:17,287 [INFO] pipeline.frame_extractor: Frame extraction complete: 24 sharp frames saved, 0 blurry frames rejected.
2026-09-20 15:54:17,302 [INFO] pipeline.colmap_runner: Executing COLMAP: G:\Coding\Projects\3D_drone\tools\colmap\COLMAP.bat feature_extractor --database_path G:\Coding\Projects\3D_drone\jobs\b2158c97\reconstruction\database.db --image_path G:\Coding\Projects\3D_drone\jobs\b2158c97\frames --ImageReader.camera_model SIMPLE_RADIAL --ImageReader.single_camera 1
2026-09-20 15:54:23,182 [INFO] pipeline.colmap_runner: Executing COLMAP: G:\Coding\Projects\3D_drone\tools\colmap\COLMAP.bat sequential_matcher --database_path G:\Coding\Projects\3D_drone\jobs\b2158c97\reconstruction\database.db
2026-09-20 15:54:25,373 [INFO] pipeline.colmap_runner: Executing COLMAP: G:\Coding\Projects\3D_drone\tools\colmap\COLMAP.bat mapper --database_path G:\Coding\Projects\3D_drone\jobs\b2158c97\reconstruction\database.db --image_path G:\Coding\Projects\3D_drone\jobs\b2158c97\frames --output_path G:\Coding\Projects\3D_drone\jobs\b2158c97\reconstruction\sparse
2026-09-20 15:54:34,693 [INFO] pipeline.colmap_runner: Executing COLMAP: G:\Coding\Projects\3D_drone\tools\colmap\COLMAP.bat model_converter --input_path G:\Coding\Projects\3D_drone\jobs\b2158c97\reconstruction\sparse\0 --output_path G:\Coding\Projects\3D_drone\jobs\b2158c97\reconstruction\sparse_points.ply --output_type PLY
2026-09-20 15:54:34,906 [INFO] pipeline.colmap_runner: Executing COLMAP: G:\Coding\Projects\3D_drone\tools\colmap\COLMAP.bat image_undistorter --image_path G:\Coding\Projects\3D_drone\jobs\b2158c97\frames --input_path G:\Coding\Projects\3D_drone\jobs\b2158c97\reconstruction\sparse\0 --output_path G:\Coding\Projects\3D_drone\jobs\b2158c97\reconstruction\dense --output_type COLMAP
2026-09-20 15:54:35,880 [INFO] pipeline.colmap_runner: Executing COLMAP: G:\Coding\Projects\3D_drone\tools\colmap\COLMAP.bat patch_match_stereo --workspace_path G:\Coding\Projects\3D_drone\jobs\b2158c97\reconstruction\dense --workspace_format COLMAP --PatchMatchStereo.geom_consistency true
2026-09-20 15:54:36,070 [ERROR] pipeline.colmap_runner: COLMAP command failed with code 1:
E20260920 15:54:35.971159 10976 mvs.cc:80] Dense stereo reconstruction requires CUDA, which is not available on your system.


2026-09-20 15:54:36,071 [WARNING] pipeline.colmap_runner: COLMAP dense stereo requires CUDA, which is unavailable. Falling back to the sparse model for downstream processing.
2026-09-20 15:54:36,072 [INFO] pipeline.colmap_runner: Executing COLMAP: G:\Coding\Projects\3D_drone\tools\colmap\COLMAP.bat model_converter --input_path G:\Coding\Projects\3D_drone\jobs\b2158c97\reconstruction\dense\sparse --output_path G:\Coding\Projects\3D_drone\jobs\b2158c97\reconstruction\dense\sparse_fallback.ply --output_type PLY
2026-09-20 15:54:36,254 [INFO] pipeline.open3d_processor: Loading point cloud from: G:\Coding\Projects\3D_drone\jobs\b2158c97\reconstruction\dense\sparse_fallback.ply
2026-09-20 15:54:36,255 [INFO] pipeline.open3d_processor: Applying statistical outlier removal (neighbors=20, std_ratio=2.0)...
2026-09-20 15:54:36,257 [INFO] pipeline.open3d_processor: Downsampling point cloud with voxel size 0.05...
2026-09-20 15:54:36,257 [INFO] pipeline.open3d_processor: Estimating normals...
2026-09-20 15:54:36,280 [INFO] pipeline.open3d_processor: Reconstructing surface mesh using Poisson surface reconstruction...
[Open3D Error] (void __cdecl open3d::geometry::TriangleMesh::RemoveVerticesByMask(const class std::vector<bool,class std::allocator<bool> > &)) D:\a\Open3D\Open3D\cpp\open3d\geometry\TriangleMesh.cpp:1600: vertex_mask has a different size than vertices_

2026-09-20 15:54:36,729 [WARNING] pipeline.open3d_processor: Poisson mesh generation encountered an issue: [Open3D Error] (void __cdecl open3d::geometry::TriangleMesh::RemoveVerticesByMask(const class std::vector<bool,class std::allocator<bool> > &)) D:\a\Open3D\Open3D\cpp\open3d\geometry\TriangleMesh.cpp:1600: vertex_mask has a different size than vertices_

2026-09-20 15:54:36,730 [INFO] pipeline.open3d_processor: Open3D processing finished: 453 points, 0 triangles saved.
2026-09-20 16:24:49,510 [INFO] pipeline.frame_extractor: Frame extraction complete: 24 sharp frames saved, 0 blurry frames rejected.
2026-09-20 16:24:49,519 [INFO] pipeline.colmap_runner: Executing COLMAP: G:\Coding\Projects\3D_drone\tools\colmap\COLMAP.bat feature_extractor --database_path G:\Coding\Projects\3D_drone\jobs\026378ef\reconstruction\database.db --image_path G:\Coding\Projects\3D_drone\jobs\026378ef\frames --ImageReader.camera_model SIMPLE_RADIAL --ImageReader.single_camera 1
2026-09-20 16:24:55,211 [INFO] pipeline.colmap_runner: Executing COLMAP: G:\Coding\Projects\3D_drone\tools\colmap\COLMAP.bat sequential_matcher --database_path G:\Coding\Projects\3D_drone\jobs\026378ef\reconstruction\database.db
2026-09-20 16:24:57,912 [INFO] pipeline.colmap_runner: Executing COLMAP: G:\Coding\Projects\3D_drone\tools\colmap\COLMAP.bat mapper --database_path G:\Coding\Projects\3D_drone\jobs\026378ef\reconstruction\database.db --image_path G:\Coding\Projects\3D_drone\jobs\026378ef\frames --output_path G:\Coding\Projects\3D_drone\jobs\026378ef\reconstruction\sparse
2026-09-20 16:25:05,723 [INFO] pipeline.colmap_runner: Executing COLMAP: G:\Coding\Projects\3D_drone\tools\colmap\COLMAP.bat model_converter --input_path G:\Coding\Projects\3D_drone\jobs\026378ef\reconstruction\sparse\0 --output_path G:\Coding\Projects\3D_drone\jobs\026378ef\reconstruction\sparse_points.ply --output_type PLY
2026-09-20 16:25:05,895 [INFO] pipeline.colmap_runner: Executing COLMAP: G:\Coding\Projects\3D_drone\tools\colmap\COLMAP.bat image_undistorter --image_path G:\Coding\Projects\3D_drone\jobs\026378ef\frames --input_path G:\Coding\Projects\3D_drone\jobs\026378ef\reconstruction\sparse\0 --output_path G:\Coding\Projects\3D_drone\jobs\026378ef\reconstruction\dense --output_type COLMAP
2026-09-20 16:25:06,944 [INFO] pipeline.colmap_runner: Executing COLMAP: G:\Coding\Projects\3D_drone\tools\colmap\COLMAP.bat patch_match_stereo --workspace_path G:\Coding\Projects\3D_drone\jobs\026378ef\reconstruction\dense --workspace_format COLMAP --PatchMatchStereo.geom_consistency true
2026-09-20 16:25:07,122 [ERROR] pipeline.colmap_runner: COLMAP command failed with code 1:
E20260920 16:25:07.025766 21884 mvs.cc:80] Dense stereo reconstruction requires CUDA, which is not available on your system.


2026-09-20 16:25:07,126 [WARNING] pipeline.colmap_runner: COLMAP dense stereo requires CUDA, which is unavailable. Falling back to the sparse model for downstream processing.
2026-09-20 16:25:07,127 [INFO] pipeline.colmap_runner: Executing COLMAP: G:\Coding\Projects\3D_drone\tools\colmap\COLMAP.bat model_converter --input_path G:\Coding\Projects\3D_drone\jobs\026378ef\reconstruction\dense\sparse --output_path G:\Coding\Projects\3D_drone\jobs\026378ef\reconstruction\dense\sparse_fallback.ply --output_type PLY
2026-09-20 16:25:07,309 [INFO] pipeline.open3d_processor: Loading point cloud from: G:\Coding\Projects\3D_drone\jobs\026378ef\reconstruction\dense\sparse_fallback.ply
2026-09-20 16:25:07,311 [INFO] pipeline.open3d_processor: Applying statistical outlier removal (neighbors=20, std_ratio=2.0)...
2026-09-20 16:25:07,313 [INFO] pipeline.open3d_processor: Downsampling point cloud with voxel size 0.05...
2026-09-20 16:25:07,314 [INFO] pipeline.open3d_processor: Estimating normals...
2026-09-20 16:25:07,334 [INFO] pipeline.open3d_processor: Reconstructing surface mesh using Poisson surface reconstruction...
[Open3D Error] (void __cdecl open3d::geometry::TriangleMesh::RemoveVerticesByMask(const class std::vector<bool,class std::allocator<bool> > &)) D:\a\Open3D\Open3D\cpp\open3d\geometry\TriangleMesh.cpp:1600: vertex_mask has a different size than vertices_

2026-09-20 16:25:07,715 [WARNING] pipeline.open3d_processor: Poisson mesh generation encountered an issue: [Open3D Error] (void __cdecl open3d::geometry::TriangleMesh::RemoveVerticesByMask(const class std::vector<bool,class std::allocator<bool> > &)) D:\a\Open3D\Open3D\cpp\open3d\geometry\TriangleMesh.cpp:1600: vertex_mask has a different size than vertices_

2026-09-20 16:25:07,716 [INFO] pipeline.open3d_processor: Open3D processing finished: 453 points, 0 triangles saved.
2026-09-20 16:39:55,804 [INFO] pipeline.frame_extractor: Frame extraction complete: 24 sharp frames saved, 0 blurry frames rejected.
2026-09-20 16:39:55,815 [INFO] pipeline.colmap_runner: Executing COLMAP: G:\Coding\Projects\3D_drone\tools\colmap\COLMAP.bat feature_extractor --database_path G:\Coding\Projects\3D_drone\jobs\719028e8\reconstruction\database.db --image_path G:\Coding\Projects\3D_drone\jobs\719028e8\frames --ImageReader.camera_model SIMPLE_RADIAL --ImageReader.single_camera 1
2026-09-20 16:40:00,591 [INFO] pipeline.colmap_runner: Executing COLMAP: G:\Coding\Projects\3D_drone\tools\colmap\COLMAP.bat sequential_matcher --database_path G:\Coding\Projects\3D_drone\jobs\719028e8\reconstruction\database.db
2026-09-20 16:40:03,469 [INFO] pipeline.colmap_runner: Executing COLMAP: G:\Coding\Projects\3D_drone\tools\colmap\COLMAP.bat mapper --database_path G:\Coding\Projects\3D_drone\jobs\719028e8\reconstruction\database.db --image_path G:\Coding\Projects\3D_drone\jobs\719028e8\frames --output_path G:\Coding\Projects\3D_drone\jobs\719028e8\reconstruction\sparse
2026-09-20 16:40:07,684 [INFO] pipeline.colmap_runner: Executing COLMAP: G:\Coding\Projects\3D_drone\tools\colmap\COLMAP.bat model_converter --input_path G:\Coding\Projects\3D_drone\jobs\719028e8\reconstruction\sparse\0 --output_path G:\Coding\Projects\3D_drone\jobs\719028e8\reconstruction\sparse_points.ply --output_type PLY
2026-09-20 16:40:07,842 [INFO] pipeline.colmap_runner: Executing COLMAP: G:\Coding\Projects\3D_drone\tools\colmap\COLMAP.bat image_undistorter --image_path G:\Coding\Projects\3D_drone\jobs\719028e8\frames --input_path G:\Coding\Projects\3D_drone\jobs\719028e8\reconstruction\sparse\0 --output_path G:\Coding\Projects\3D_drone\jobs\719028e8\reconstruction\dense --output_type COLMAP
2026-09-20 16:40:08,717 [INFO] pipeline.colmap_runner: Executing COLMAP: G:\Coding\Projects\3D_drone\tools\colmap\COLMAP.bat patch_match_stereo --workspace_path G:\Coding\Projects\3D_drone\jobs\719028e8\reconstruction\dense --workspace_format COLMAP --PatchMatchStereo.geom_consistency true
2026-09-20 16:40:08,874 [ERROR] pipeline.colmap_runner: COLMAP command failed with code 1:
E20260920 16:40:08.791734 21148 mvs.cc:80] Dense stereo reconstruction requires CUDA, which is not available on your system.


2026-09-20 16:40:08,875 [WARNING] pipeline.colmap_runner: COLMAP dense stereo requires CUDA, which is unavailable. Falling back to the sparse model for downstream processing.
2026-09-20 16:40:08,876 [INFO] pipeline.colmap_runner: Executing COLMAP: G:\Coding\Projects\3D_drone\tools\colmap\COLMAP.bat model_converter --input_path G:\Coding\Projects\3D_drone\jobs\719028e8\reconstruction\dense\sparse --output_path G:\Coding\Projects\3D_drone\jobs\719028e8\reconstruction\dense\sparse_fallback.ply --output_type PLY
2026-09-20 16:40:09,037 [INFO] pipeline.open3d_processor: Loading point cloud from: G:\Coding\Projects\3D_drone\jobs\719028e8\reconstruction\dense\sparse_fallback.ply
2026-09-20 16:40:09,039 [INFO] pipeline.open3d_processor: Applying statistical outlier removal (neighbors=20, std_ratio=2.0)...
2026-09-20 16:40:09,042 [INFO] pipeline.open3d_processor: Downsampling point cloud with voxel size 0.05...
2026-09-20 16:40:09,043 [INFO] pipeline.open3d_processor: Estimating normals...
2026-09-20 16:40:09,074 [INFO] pipeline.open3d_processor: Reconstructing surface mesh using Poisson surface reconstruction...
[Open3D Error] (void __cdecl open3d::geometry::TriangleMesh::RemoveVerticesByMask(const class std::vector<bool,class std::allocator<bool> > &)) D:\a\Open3D\Open3D\cpp\open3d\geometry\TriangleMesh.cpp:1600: vertex_mask has a different size than vertices_

2026-09-20 16:40:09,502 [WARNING] pipeline.open3d_processor: Poisson mesh generation encountered an issue: [Open3D Error] (void __cdecl open3d::geometry::TriangleMesh::RemoveVerticesByMask(const class std::vector<bool,class std::allocator<bool> > &)) D:\a\Open3D\Open3D\cpp\open3d\geometry\TriangleMesh.cpp:1600: vertex_mask has a different size than vertices_

2026-09-20 16:40:09,503 [INFO] pipeline.open3d_processor: Open3D processing finished: 884 points, 0 triangles saved.
2026-09-20 16:42:06,701 [INFO] pipeline.frame_extractor: Frame extraction complete: 24 sharp frames saved, 0 blurry frames rejected.
2026-09-20 16:42:06,715 [INFO] pipeline.colmap_runner: Executing COLMAP: G:\Coding\Projects\3D_drone\tools\colmap\COLMAP.bat feature_extractor --database_path G:\Coding\Projects\3D_drone\jobs\128dbc66\reconstruction\database.db --image_path G:\Coding\Projects\3D_drone\jobs\128dbc66\frames --ImageReader.camera_model SIMPLE_RADIAL --ImageReader.single_camera 1
2026-09-20 16:42:13,079 [INFO] pipeline.colmap_runner: Executing COLMAP: G:\Coding\Projects\3D_drone\tools\colmap\COLMAP.bat sequential_matcher --database_path G:\Coding\Projects\3D_drone\jobs\128dbc66\reconstruction\database.db
2026-09-20 16:42:16,381 [INFO] pipeline.colmap_runner: Executing COLMAP: G:\Coding\Projects\3D_drone\tools\colmap\COLMAP.bat mapper --database_path G:\Coding\Projects\3D_drone\jobs\128dbc66\reconstruction\database.db --image_path G:\Coding\Projects\3D_drone\jobs\128dbc66\frames --output_path G:\Coding\Projects\3D_drone\jobs\128dbc66\reconstruction\sparse
2026-09-20 16:42:22,222 [INFO] pipeline.colmap_runner: Executing COLMAP: G:\Coding\Projects\3D_drone\tools\colmap\COLMAP.bat model_converter --input_path G:\Coding\Projects\3D_drone\jobs\128dbc66\reconstruction\sparse\0 --output_path G:\Coding\Projects\3D_drone\jobs\128dbc66\reconstruction\sparse_points.ply --output_type PLY
2026-09-20 16:42:22,408 [INFO] pipeline.colmap_runner: Executing COLMAP: G:\Coding\Projects\3D_drone\tools\colmap\COLMAP.bat image_undistorter --image_path G:\Coding\Projects\3D_drone\jobs\128dbc66\frames --input_path G:\Coding\Projects\3D_drone\jobs\128dbc66\reconstruction\sparse\0 --output_path G:\Coding\Projects\3D_drone\jobs\128dbc66\reconstruction\dense --output_type COLMAP
2026-09-20 16:42:23,443 [INFO] pipeline.colmap_runner: Executing COLMAP: G:\Coding\Projects\3D_drone\tools\colmap\COLMAP.bat patch_match_stereo --workspace_path G:\Coding\Projects\3D_drone\jobs\128dbc66\reconstruction\dense --workspace_format COLMAP --PatchMatchStereo.geom_consistency true
2026-09-20 16:42:23,633 [ERROR] pipeline.colmap_runner: COLMAP command failed with code 1:
E20260920 16:42:23.534653  8016 mvs.cc:80] Dense stereo reconstruction requires CUDA, which is not available on your system.


2026-09-20 16:42:23,634 [WARNING] pipeline.colmap_runner: COLMAP dense stereo requires CUDA, which is unavailable. Falling back to the sparse model for downstream processing.
2026-09-20 16:42:23,634 [INFO] pipeline.colmap_runner: Executing COLMAP: G:\Coding\Projects\3D_drone\tools\colmap\COLMAP.bat model_converter --input_path G:\Coding\Projects\3D_drone\jobs\128dbc66\reconstruction\dense\sparse --output_path G:\Coding\Projects\3D_drone\jobs\128dbc66\reconstruction\dense\sparse_fallback.ply --output_type PLY
2026-09-20 16:42:23,816 [INFO] pipeline.open3d_processor: Loading point cloud from: G:\Coding\Projects\3D_drone\jobs\128dbc66\reconstruction\dense\sparse_fallback.ply
2026-09-20 16:42:23,817 [INFO] pipeline.open3d_processor: Applying statistical outlier removal (neighbors=20, std_ratio=2.0)...
2026-09-20 16:42:23,819 [INFO] pipeline.open3d_processor: Downsampling point cloud with voxel size 0.05...
2026-09-20 16:42:23,820 [INFO] pipeline.open3d_processor: Estimating normals...
2026-09-20 16:42:23,848 [INFO] pipeline.open3d_processor: Reconstructing surface mesh using Poisson surface reconstruction...
[Open3D Error] (void __cdecl open3d::geometry::TriangleMesh::RemoveVerticesByMask(const class std::vector<bool,class std::allocator<bool> > &)) D:\a\Open3D\Open3D\cpp\open3d\geometry\TriangleMesh.cpp:1600: vertex_mask has a different size than vertices_

2026-09-20 16:42:24,371 [WARNING] pipeline.open3d_processor: Poisson mesh generation encountered an issue: [Open3D Error] (void __cdecl open3d::geometry::TriangleMesh::RemoveVerticesByMask(const class std::vector<bool,class std::allocator<bool> > &)) D:\a\Open3D\Open3D\cpp\open3d\geometry\TriangleMesh.cpp:1600: vertex_mask has a different size than vertices_

2026-09-20 16:42:24,375 [INFO] pipeline.open3d_processor: Open3D processing finished: 880 points, 0 triangles saved.
2026-09-20 16:43:05,325 [INFO] pipeline.frame_extractor: Frame extraction complete: 24 sharp frames saved, 0 blurry frames rejected.
2026-09-20 16:43:05,337 [INFO] pipeline.colmap_runner: Executing COLMAP: G:\Coding\Projects\3D_drone\tools\colmap\COLMAP.bat feature_extractor --database_path G:\Coding\Projects\3D_drone\jobs\58b4d98a\reconstruction\database.db --image_path G:\Coding\Projects\3D_drone\jobs\58b4d98a\frames --ImageReader.camera_model SIMPLE_RADIAL --ImageReader.single_camera 1
2026-09-20 16:43:11,171 [INFO] pipeline.colmap_runner: Executing COLMAP: G:\Coding\Projects\3D_drone\tools\colmap\COLMAP.bat sequential_matcher --database_path G:\Coding\Projects\3D_drone\jobs\58b4d98a\reconstruction\database.db
2026-09-20 16:43:14,480 [INFO] pipeline.colmap_runner: Executing COLMAP: G:\Coding\Projects\3D_drone\tools\colmap\COLMAP.bat mapper --database_path G:\Coding\Projects\3D_drone\jobs\58b4d98a\reconstruction\database.db --image_path G:\Coding\Projects\3D_drone\jobs\58b4d98a\frames --output_path G:\Coding\Projects\3D_drone\jobs\58b4d98a\reconstruction\sparse
2026-09-20 16:43:20,759 [INFO] pipeline.colmap_runner: Executing COLMAP: G:\Coding\Projects\3D_drone\tools\colmap\COLMAP.bat model_converter --input_path G:\Coding\Projects\3D_drone\jobs\58b4d98a\reconstruction\sparse\0 --output_path G:\Coding\Projects\3D_drone\jobs\58b4d98a\reconstruction\sparse_points.ply --output_type PLY
2026-09-20 16:43:20,962 [INFO] pipeline.colmap_runner: Executing COLMAP: G:\Coding\Projects\3D_drone\tools\colmap\COLMAP.bat image_undistorter --image_path G:\Coding\Projects\3D_drone\jobs\58b4d98a\frames --input_path G:\Coding\Projects\3D_drone\jobs\58b4d98a\reconstruction\sparse\0 --output_path G:\Coding\Projects\3D_drone\jobs\58b4d98a\reconstruction\dense --output_type COLMAP
2026-09-20 16:43:22,120 [INFO] pipeline.colmap_runner: Executing COLMAP: G:\Coding\Projects\3D_drone\tools\colmap\COLMAP.bat patch_match_stereo --workspace_path G:\Coding\Projects\3D_drone\jobs\58b4d98a\reconstruction\dense --workspace_format COLMAP --PatchMatchStereo.geom_consistency true
2026-09-20 16:43:22,332 [ERROR] pipeline.colmap_runner: COLMAP command failed with code 1:
E20260920 16:43:22.225446 10364 mvs.cc:80] Dense stereo reconstruction requires CUDA, which is not available on your system.


2026-09-20 16:43:22,333 [WARNING] pipeline.colmap_runner: COLMAP dense stereo requires CUDA, which is unavailable. Falling back to the sparse model for downstream processing.
2026-09-20 16:43:22,333 [INFO] pipeline.colmap_runner: Executing COLMAP: G:\Coding\Projects\3D_drone\tools\colmap\COLMAP.bat model_converter --input_path G:\Coding\Projects\3D_drone\jobs\58b4d98a\reconstruction\dense\sparse --output_path G:\Coding\Projects\3D_drone\jobs\58b4d98a\reconstruction\dense\sparse_fallback.ply --output_type PLY
2026-09-20 16:43:22,516 [INFO] pipeline.open3d_processor: Loading point cloud from: G:\Coding\Projects\3D_drone\jobs\58b4d98a\reconstruction\dense\sparse_fallback.ply
2026-09-20 16:43:22,517 [INFO] pipeline.open3d_processor: Applying statistical outlier removal (neighbors=20, std_ratio=2.0)...
2026-09-20 16:43:22,526 [INFO] pipeline.open3d_processor: Downsampling point cloud with voxel size 0.05...
2026-09-20 16:43:22,533 [INFO] pipeline.open3d_processor: Estimating normals...
2026-09-20 16:43:22,580 [INFO] pipeline.open3d_processor: Reconstructing surface mesh using Poisson surface reconstruction...
[Open3D Error] (void __cdecl open3d::geometry::TriangleMesh::RemoveVerticesByMask(const class std::vector<bool,class std::allocator<bool> > &)) D:\a\Open3D\Open3D\cpp\open3d\geometry\TriangleMesh.cpp:1600: vertex_mask has a different size than vertices_

2026-09-20 16:43:23,095 [WARNING] pipeline.open3d_processor: Poisson mesh generation encountered an issue: [Open3D Error] (void __cdecl open3d::geometry::TriangleMesh::RemoveVerticesByMask(const class std::vector<bool,class std::allocator<bool> > &)) D:\a\Open3D\Open3D\cpp\open3d\geometry\TriangleMesh.cpp:1600: vertex_mask has a different size than vertices_

2026-09-20 16:43:23,096 [INFO] pipeline.open3d_processor: Open3D processing finished: 920 points, 0 triangles saved.
2026-09-20 16:44:10,965 [INFO] pipeline.frame_extractor: Frame extraction complete: 48 sharp frames saved, 0 blurry frames rejected.
2026-09-20 16:44:10,979 [INFO] pipeline.colmap_runner: Executing COLMAP: G:\Coding\Projects\3D_drone\tools\colmap\COLMAP.bat feature_extractor --database_path G:\Coding\Projects\3D_drone\jobs\6cbe9ebc\reconstruction\database.db --image_path G:\Coding\Projects\3D_drone\jobs\6cbe9ebc\frames --ImageReader.camera_model SIMPLE_RADIAL --ImageReader.single_camera 1
2026-09-20 16:44:23,204 [INFO] pipeline.colmap_runner: Executing COLMAP: G:\Coding\Projects\3D_drone\tools\colmap\COLMAP.bat sequential_matcher --database_path G:\Coding\Projects\3D_drone\jobs\6cbe9ebc\reconstruction\database.db
2026-09-20 16:46:31,625 [INFO] pipeline.colmap_runner: Executing COLMAP: G:\Coding\Projects\3D_drone\tools\colmap\COLMAP.bat mapper --database_path G:\Coding\Projects\3D_drone\jobs\6cbe9ebc\reconstruction\database.db --image_path G:\Coding\Projects\3D_drone\jobs\6cbe9ebc\frames --output_path G:\Coding\Projects\3D_drone\jobs\6cbe9ebc\reconstruction\sparse
2026-09-20 16:51:33,592 [INFO] pipeline.colmap_runner: Executing COLMAP: G:\Coding\Projects\3D_drone\tools\colmap\COLMAP.bat model_converter --input_path G:\Coding\Projects\3D_drone\jobs\6cbe9ebc\reconstruction\sparse\1 --output_path G:\Coding\Projects\3D_drone\jobs\6cbe9ebc\reconstruction\sparse_points.ply --output_type PLY
2026-09-20 16:51:33,880 [INFO] pipeline.colmap_runner: Executing COLMAP: G:\Coding\Projects\3D_drone\tools\colmap\COLMAP.bat image_undistorter --image_path G:\Coding\Projects\3D_drone\jobs\6cbe9ebc\frames --input_path G:\Coding\Projects\3D_drone\jobs\6cbe9ebc\reconstruction\sparse\1 --output_path G:\Coding\Projects\3D_drone\jobs\6cbe9ebc\reconstruction\dense --output_type COLMAP
2026-09-20 16:51:36,860 [INFO] pipeline.colmap_runner: Executing COLMAP: G:\Coding\Projects\3D_drone\tools\colmap\COLMAP.bat patch_match_stereo --workspace_path G:\Coding\Projects\3D_drone\jobs\6cbe9ebc\reconstruction\dense --workspace_format COLMAP --PatchMatchStereo.geom_consistency true
2026-09-20 16:51:37,031 [ERROR] pipeline.colmap_runner: COLMAP command failed with code 1:
E20260920 16:51:36.946995  1892 mvs.cc:80] Dense stereo reconstruction requires CUDA, which is not available on your system.


2026-09-20 16:51:37,031 [WARNING] pipeline.colmap_runner: COLMAP dense stereo requires CUDA, which is unavailable. Falling back to the sparse model for downstream processing.
2026-09-20 16:51:37,032 [INFO] pipeline.colmap_runner: Executing COLMAP: G:\Coding\Projects\3D_drone\tools\colmap\COLMAP.bat model_converter --input_path G:\Coding\Projects\3D_drone\jobs\6cbe9ebc\reconstruction\dense\sparse --output_path G:\Coding\Projects\3D_drone\jobs\6cbe9ebc\reconstruction\dense\sparse_fallback.ply --output_type PLY
2026-09-20 16:51:37,266 [INFO] pipeline.open3d_processor: Loading point cloud from: G:\Coding\Projects\3D_drone\jobs\6cbe9ebc\reconstruction\dense\sparse_fallback.ply
2026-09-20 16:51:37,269 [INFO] pipeline.open3d_processor: Applying statistical outlier removal (neighbors=20, std_ratio=2.0)...
2026-09-20 16:51:37,282 [INFO] pipeline.open3d_processor: Downsampling point cloud with voxel size 0.05...
2026-09-20 16:51:37,286 [INFO] pipeline.open3d_processor: Estimating normals...
2026-09-20 16:51:37,540 [INFO] pipeline.open3d_processor: Reconstructing surface mesh using Poisson surface reconstruction...
[Open3D Error] (void __cdecl open3d::geometry::TriangleMesh::RemoveVerticesByMask(const class std::vector<bool,class std::allocator<bool> > &)) D:\a\Open3D\Open3D\cpp\open3d\geometry\TriangleMesh.cpp:1600: vertex_mask has a different size than vertices_

2026-09-20 16:51:38,241 [WARNING] pipeline.open3d_processor: Poisson mesh generation encountered an issue: [Open3D Error] (void __cdecl open3d::geometry::TriangleMesh::RemoveVerticesByMask(const class std::vector<bool,class std::allocator<bool> > &)) D:\a\Open3D\Open3D\cpp\open3d\geometry\TriangleMesh.cpp:1600: vertex_mask has a different size than vertices_

2026-09-20 16:51:38,242 [INFO] pipeline.open3d_processor: Open3D processing finished: 6222 points, 0 triangles saved.
2026-09-20 16:56:09,847 [INFO] pipeline.frame_extractor: Frame extraction complete: 24 sharp frames saved, 0 blurry frames rejected.
2026-09-20 16:56:09,858 [INFO] pipeline.colmap_runner: Executing COLMAP: G:\Coding\Projects\3D_drone\tools\colmap\COLMAP.bat feature_extractor --database_path G:\Coding\Projects\3D_drone\jobs\cd66ca76\reconstruction\database.db --image_path G:\Coding\Projects\3D_drone\jobs\cd66ca76\frames --ImageReader.camera_model SIMPLE_RADIAL --ImageReader.single_camera 1
2026-09-20 16:56:14,988 [INFO] pipeline.colmap_runner: Executing COLMAP: G:\Coding\Projects\3D_drone\tools\colmap\COLMAP.bat sequential_matcher --database_path G:\Coding\Projects\3D_drone\jobs\cd66ca76\reconstruction\database.db
2026-09-20 16:56:17,876 [INFO] pipeline.colmap_runner: Executing COLMAP: G:\Coding\Projects\3D_drone\tools\colmap\COLMAP.bat mapper --database_path G:\Coding\Projects\3D_drone\jobs\cd66ca76\reconstruction\database.db --image_path G:\Coding\Projects\3D_drone\jobs\cd66ca76\frames --output_path G:\Coding\Projects\3D_drone\jobs\cd66ca76\reconstruction\sparse
2026-09-20 16:56:22,476 [INFO] pipeline.colmap_runner: Executing COLMAP: G:\Coding\Projects\3D_drone\tools\colmap\COLMAP.bat model_converter --input_path G:\Coding\Projects\3D_drone\jobs\cd66ca76\reconstruction\sparse\0 --output_path G:\Coding\Projects\3D_drone\jobs\cd66ca76\reconstruction\sparse_points.ply --output_type PLY
2026-09-20 16:56:22,646 [INFO] pipeline.colmap_runner: Executing COLMAP: G:\Coding\Projects\3D_drone\tools\colmap\COLMAP.bat image_undistorter --image_path G:\Coding\Projects\3D_drone\jobs\cd66ca76\frames --input_path G:\Coding\Projects\3D_drone\jobs\cd66ca76\reconstruction\sparse\0 --output_path G:\Coding\Projects\3D_drone\jobs\cd66ca76\reconstruction\dense --output_type COLMAP
2026-09-20 16:56:23,470 [INFO] pipeline.colmap_runner: Executing COLMAP: G:\Coding\Projects\3D_drone\tools\colmap\COLMAP.bat patch_match_stereo --workspace_path G:\Coding\Projects\3D_drone\jobs\cd66ca76\reconstruction\dense --workspace_format COLMAP --PatchMatchStereo.geom_consistency true
2026-09-20 16:56:23,656 [ERROR] pipeline.colmap_runner: COLMAP command failed with code 1:
E20260920 16:56:23.569008  1840 mvs.cc:80] Dense stereo reconstruction requires CUDA, which is not available on your system.


2026-09-20 16:56:23,657 [WARNING] pipeline.colmap_runner: COLMAP dense stereo requires CUDA, which is unavailable. Falling back to the sparse model for downstream processing.
2026-09-20 16:56:23,658 [INFO] pipeline.colmap_runner: Executing COLMAP: G:\Coding\Projects\3D_drone\tools\colmap\COLMAP.bat model_converter --input_path G:\Coding\Projects\3D_drone\jobs\cd66ca76\reconstruction\dense\sparse --output_path G:\Coding\Projects\3D_drone\jobs\cd66ca76\reconstruction\dense\sparse_fallback.ply --output_type PLY
2026-09-20 16:56:23,823 [INFO] pipeline.open3d_processor: Loading point cloud from: G:\Coding\Projects\3D_drone\jobs\cd66ca76\reconstruction\dense\sparse_fallback.ply
2026-09-20 16:56:23,825 [INFO] pipeline.open3d_processor: Applying statistical outlier removal (neighbors=20, std_ratio=2.0)...
2026-09-20 16:56:23,829 [INFO] pipeline.open3d_processor: Downsampling point cloud with voxel size 0.05...
2026-09-20 16:56:23,831 [INFO] pipeline.open3d_processor: Estimating normals...
2026-09-20 16:56:23,880 [INFO] pipeline.open3d_processor: Reconstructing surface mesh using Poisson surface reconstruction...
[Open3D Error] (void __cdecl open3d::geometry::TriangleMesh::RemoveVerticesByMask(const class std::vector<bool,class std::allocator<bool> > &)) D:\a\Open3D\Open3D\cpp\open3d\geometry\TriangleMesh.cpp:1600: vertex_mask has a different size than vertices_

2026-09-20 16:56:24,322 [WARNING] pipeline.open3d_processor: Poisson mesh generation encountered an issue: [Open3D Error] (void __cdecl open3d::geometry::TriangleMesh::RemoveVerticesByMask(const class std::vector<bool,class std::allocator<bool> > &)) D:\a\Open3D\Open3D\cpp\open3d\geometry\TriangleMesh.cpp:1600: vertex_mask has a different size than vertices_

2026-09-20 16:56:24,323 [INFO] pipeline.open3d_processor: Open3D processing finished: 880 points, 0 triangles saved.
2026-09-20 17:09:18,798 [INFO] pipeline.frame_extractor: Frame extraction complete: 24 sharp frames saved, 0 blurry frames rejected.
2026-09-20 17:09:18,810 [INFO] pipeline.colmap_runner: Executing COLMAP: G:\Coding\Projects\3D_drone\tools\colmap\COLMAP.bat feature_extractor --database_path G:\Coding\Projects\3D_drone\jobs\18177202\reconstruction\database.db --image_path G:\Coding\Projects\3D_drone\jobs\18177202\frames --ImageReader.camera_model SIMPLE_RADIAL --ImageReader.single_camera 1
2026-09-20 17:09:24,038 [INFO] pipeline.colmap_runner: Executing COLMAP: G:\Coding\Projects\3D_drone\tools\colmap\COLMAP.bat sequential_matcher --database_path G:\Coding\Projects\3D_drone\jobs\18177202\reconstruction\database.db
2026-09-20 17:09:26,839 [INFO] pipeline.colmap_runner: Executing COLMAP: G:\Coding\Projects\3D_drone\tools\colmap\COLMAP.bat mapper --database_path G:\Coding\Projects\3D_drone\jobs\18177202\reconstruction\database.db --image_path G:\Coding\Projects\3D_drone\jobs\18177202\frames --output_path G:\Coding\Projects\3D_drone\jobs\18177202\reconstruction\sparse
2026-09-20 17:09:30,894 [INFO] pipeline.colmap_runner: Executing COLMAP: G:\Coding\Projects\3D_drone\tools\colmap\COLMAP.bat model_converter --input_path G:\Coding\Projects\3D_drone\jobs\18177202\reconstruction\sparse\0 --output_path G:\Coding\Projects\3D_drone\jobs\18177202\reconstruction\sparse_points.ply --output_type PLY
2026-09-20 17:09:31,057 [INFO] pipeline.colmap_runner: Executing COLMAP: G:\Coding\Projects\3D_drone\tools\colmap\COLMAP.bat image_undistorter --image_path G:\Coding\Projects\3D_drone\jobs\18177202\frames --input_path G:\Coding\Projects\3D_drone\jobs\18177202\reconstruction\sparse\0 --output_path G:\Coding\Projects\3D_drone\jobs\18177202\reconstruction\dense --output_type COLMAP
2026-09-20 17:09:32,022 [INFO] pipeline.colmap_runner: Executing COLMAP: G:\Coding\Projects\3D_drone\tools\colmap\COLMAP.bat patch_match_stereo --workspace_path G:\Coding\Projects\3D_drone\jobs\18177202\reconstruction\dense --workspace_format COLMAP --PatchMatchStereo.geom_consistency true
2026-09-20 17:09:32,184 [ERROR] pipeline.colmap_runner: COLMAP command failed with code 1:
E20260920 17:09:32.091356 13884 mvs.cc:80] Dense stereo reconstruction requires CUDA, which is not available on your system.


2026-09-20 17:09:32,186 [WARNING] pipeline.colmap_runner: COLMAP dense stereo requires CUDA, which is unavailable. Falling back to the sparse model for downstream processing.
2026-09-20 17:09:32,187 [INFO] pipeline.colmap_runner: Executing COLMAP: G:\Coding\Projects\3D_drone\tools\colmap\COLMAP.bat model_converter --input_path G:\Coding\Projects\3D_drone\jobs\18177202\reconstruction\dense\sparse --output_path G:\Coding\Projects\3D_drone\jobs\18177202\reconstruction\dense\sparse_fallback.ply --output_type PLY
2026-09-20 17:09:32,365 [INFO] pipeline.open3d_processor: Loading point cloud from: G:\Coding\Projects\3D_drone\jobs\18177202\reconstruction\dense\sparse_fallback.ply
2026-09-20 17:09:32,367 [INFO] pipeline.open3d_processor: Applying statistical outlier removal (neighbors=20, std_ratio=2.0)...
2026-09-20 17:09:32,371 [INFO] pipeline.open3d_processor: Downsampling point cloud with voxel size 0.05...
2026-09-20 17:09:32,373 [INFO] pipeline.open3d_processor: Estimating normals...
2026-09-20 17:09:32,407 [INFO] pipeline.open3d_processor: Reconstructing surface mesh using Poisson surface reconstruction...
[Open3D Error] (void __cdecl open3d::geometry::TriangleMesh::RemoveVerticesByMask(const class std::vector<bool,class std::allocator<bool> > &)) D:\a\Open3D\Open3D\cpp\open3d\geometry\TriangleMesh.cpp:1600: vertex_mask has a different size than vertices_

2026-09-20 17:09:32,856 [WARNING] pipeline.open3d_processor: Poisson mesh generation encountered an issue: [Open3D Error] (void __cdecl open3d::geometry::TriangleMesh::RemoveVerticesByMask(const class std::vector<bool,class std::allocator<bool> > &)) D:\a\Open3D\Open3D\cpp\open3d\geometry\TriangleMesh.cpp:1600: vertex_mask has a different size than vertices_

2026-09-20 17:09:32,857 [INFO] pipeline.open3d_processor: Open3D processing finished: 914 points, 0 triangles saved.
